node.exe : npm verbose
 cli C:\Program Files\
nodejs\node.exe C:\Pro
gram Files\nodejs\node
_modules\npm\bin\npm-c
li.js
At C:\Program Files\no
dejs\npm.ps1:29 char:3
+   & $NODE_EXE $NPM_C
LI_JS $args
+   ~~~~~~~~~~~~~~~~~~
~~~~~~~~~~~
    + CategoryInfo    
          : NotSpeci  
  fied: (npm verbos   
 e cli...\bin\npm-    
cli.js:String) []    ,
 RemoteException
    + FullyQualifiedE 
   rrorId : NativeCo  
  mmandError
 
npm info using npm@10.
9.2
npm info using node@v2
2.14.0
npm verbose title npm 
test
npm verbose argv "test
" "--loglevel" "verbos
e"
npm verbose logfile lo
gs-max:10 dir:C:\Users
\mehme\AppData\Local\n
pm-cache\_logs\2025-12
-20T16_28_33_970Z-
npm verbose logfile C:
\Users\mehme\AppData\L
ocal\npm-cache\_logs\2
025-12-20T16_28_33_970
Z-debug-0.log

> orbitview@1.1.0 test
> jest

[baseline-browser-mapp
ing] The data in this 
module is over two mon
ths old.  To ensure ac
curate Baseline data, 
please update: `npm i 
baseline-browser-mappi
ng@latest -D`
[baseline-browser-mapp
ing] The data in this 
module is over two mon
ths old.  To ensure ac
curate Baseline data, 
please update: `npm i 
baseline-browser-mappi
ng@latest -D`
[baseline-browser-mapp
ing] The data in this 
module is over two mon
ths old.  To ensure ac
curate Baseline data, 
please update: `npm i 
baseline-browser-mappi
ng@latest -D`
[baseline-browser-mapp
ing] The data in this 
module is over two mon
ths old.  To ensure ac
curate Baseline data, 
please update: `npm i 
baseline-browser-mappi
ng@latest -D`
[baseline-browser-mapp
ing] The data in this 
module is over two mon
ths old.  To ensure ac
curate Baseline data, 
please update: `npm i 
baseline-browser-mappi
ng@latest -D`
[baseline-browser-mapp
ing] The data in this 
module is over two mon
ths old.  To ensure ac
curate Baseline data, 
please update: `npm i 
baseline-browser-mappi
ng@latest -D`
PASS src/lib/__tests__
/DopplerCalculator.tes
t.ts
PASS src/lib/__tests__
/ConjunctionAnalysis.t
est.ts
FAIL src/lib/__tests__
/OrbitalDecay.test.ts
  ÔùÅ OrbitalDecay ÔÇ║
 predictOrbitalDecay Ô
Ç║ should predict long
er lifetime for higher
 orbits

    expect(received).t
oBeGreaterThan(expecte
d)

    Expected: > 3650
    Received:   3650

    [0m [90m 51 |[3
9m             [36mco
nst[39m lowOrbit [33
m=[39m predictOrbital
Decay([35m6771[39m[
33m,[39m [35m0.001[
39m[33m,[39m [35m0.
0001[39m[33m,[39m 
[36mnew[39m [33mDate
[39m())[33m;[39m
     [90m 52 |[39m  
           [36mconst
[39m highOrbit [33m=
[39m predictOrbitalDec
ay([35m7171[39m[33m
,[39m [35m0.001[39m
[33m,[39m [35m0.000
1[39m[33m,[39m [36
mnew[39m [33mDate[3
9m())[33m;[39m
    [31m[1m>[22m[3
9m[90m 53 |[39m     
        expect(highOrb
it[33m.[39mestimated
LifetimeDays)[33m.[3
9mtoBeGreaterThan(lowO
rbit[33m.[39mestimat
edLifetimeDays)[33m;
[39m
     [90m    |[39m  
                      
                      
       [31m[1m^[22m
[39m
     [90m 54 |[39m  
       })[33m;[39m
     [90m 55 |[39m
     [90m 56 |[39m  
       it([32m'should
 assign appropriate ri
sk levels'[39m[33m,
[39m () [33m=>[39m {
[0m

      at Object.toBeGr
eaterThan (src/lib/__t
ests__/OrbitalDecay.te
st.ts:53:53)

PASS src/lib/__tests__
/PassPrediction.test.t
s
FAIL src/lib/__tests__
/GroundTrack.test.ts
  ÔùÅ GroundTrack ÔÇ║ 
isWithinFootprint ÔÇ║ 
should be more restric
tive with higher eleva
tion requirements

    expect(received).t
oBe(expected) // Objec
t.is equality

    Expected: true
    Received: false

    [0m [90m  99 |[
39m             [36mc
onst[39m in30deg [33
m=[39m isWithinFootpr
int([35m0[39m[33m,
[39m [35m0[39m[33m,
[39m [35m400[39m[3
3m,[39m [35m20[39m
[33m,[39m [35m0[39m
[33m,[39m [35m30[3
9m)[33m;[39m
     [90m 100 |[39m 
            [90m// Ob
server at 20 degrees a
way might be in horizo
n but not in 30deg zon
e[39m
    [31m[1m>[22m[3
9m[90m 101 |[39m    
         expect(inHori
zon)[33m.[39mtoBe([
36mtrue[39m)[33m;[3
9m
     [90m     |[39m 
                      
        [31m[1m^[22
m[39m
     [90m 102 |[39m 
            [90m// 30
 degree elevation is m
ore restrictive[39m
     [90m 103 |[39m 
        })[33m;[39m
     [90m 104 |[39m 
    })[33m;[39m[0m

      at Object.toBe (
src/lib/__tests__/Grou
ndTrack.test.ts:101:31
)

Test Suites: 2 failed,
 3 passed, 5 total
Tests:       2 failed,
 45 passed, 47 total
Snapshots:   0 total
Time:        4.093 s
Ran all test suites.
npm verbose cwd C:\Use
rs\mehme\Desktop\SatTr
acker
npm verbose os Windows
_NT 10.0.26200
npm verbose node v22.1
4.0
npm verbose npm  v10.9
.2
npm verbose exit 1
npm verbose code 1
